
Running 3 tests using 2 workers

[1A[2K[1/3] [chromium] › tests/signup-form.spec.ts:155:7 › Signup Form - Complete Flow › should show validation errors for empty required fields
[1A[2K[2/3] [chromium] › tests/signup-form.spec.ts:4:7 › Signup Form - Complete Flow › should complete full registration process
[1A[2K[chromium] › tests/signup-form.spec.ts:4:7 › Signup Form - Complete Flow › should complete full registration process
✅ Step 0: Page loaded successfully

[1A[2K📝 Step 1: Filling Data Siswa...

[1A[2K✅ Step 1: Data Siswa filled

[1A[2K📝 Step 2: Filling Data Orangtua...

[1A[2K✅ Step 2: Data Orangtua filled

[1A[2K📝 Step 3: Filling Data Sekolah...

[1A[2K✅ Step 3: Data Sekolah filled

[1A[2K📝 Step 4: Filling Data Tambahan...

[1A[2K  1) [chromium] › tests/signup-form.spec.ts:155:7 › Signup Form - Complete Flow › should show validation errors for empty required fields 

    Error: [2mexpect([22m[31mlocator[39m[2m).[22mtoBeVisible[2m([22m[2m)[22m failed

    Locator: locator('text=Data Siswa')
    Expected: visible
    Timeout: 5000ms
    Error: element(s) not found

    Call log:
    [2m  - Expect "toBeVisible" with timeout 5000ms[22m
    [2m  - waiting for locator('text=Data Siswa')[22m


      161 |     // Browser validation should prevent moving forward
      162 |     // Check that we're still on step 1
    > 163 |     await expect(page.locator('text=Data Siswa')).toBeVisible()
          |                                                   ^
      164 |   })
      165 |
      166 |   test('submit button should be disabled without checkbox', async ({ page }) => {
        at /home/dev/web/koneksi/v0-website-for-school/tests/signup-form.spec.ts:163:51

    attachment #1: screenshot (image/png) ──────────────────────────────────────────────────────────
    test-results/signup-form-Signup-Form----9a39d-s-for-empty-required-fields-chromium/test-failed-1.png
    ────────────────────────────────────────────────────────────────────────────────────────────────

    Error Context: test-results/signup-form-Signup-Form----9a39d-s-for-empty-required-fields-chromium/error-context.md


[1A[2K[3/3] [chromium] › tests/signup-form.spec.ts:166:7 › Signup Form - Complete Flow › submit button should be disabled without checkbox
